../Core/Src/main.c:108:5:main	16	static
../Core/Src/main.c:170:6:SystemClock_Config	88	static
../Core/Src/main.c:224:13:MX_ADC1_Init	24	static
../Core/Src/main.c:276:13:MX_TIM1_Init	96	static
../Core/Src/main.c:351:13:MX_TIM2_Init	72	static
../Core/Src/main.c:418:13:MX_TIM3_Init	72	static
../Core/Src/main.c:485:13:MX_USART2_UART_Init	8	static
../Core/Src/main.c:516:13:MX_DMA_Init	16	static
../Core/Src/main.c:534:13:MX_GPIO_Init	48	static
../Core/Src/main.c:591:6:Error_Handler	4	static,ignoring_inline_asm
