../Core/Src/main.c:80:6:print_image_data	16	static
../Core/Src/main.c:108:6:HAL_ADC_ConvCpltCallback	16	static
../Core/Src/main.c:123:5:main	80	static
../Core/Src/main.c:213:6:SystemClock_Config	88	static
../Core/Src/main.c:267:13:MX_ADC1_Init	24	static
../Core/Src/main.c:319:13:MX_TIM1_Init	96	static
../Core/Src/main.c:394:13:MX_TIM3_Init	72	static
../Core/Src/main.c:461:13:MX_USART2_UART_Init	8	static
../Core/Src/main.c:492:13:MX_DMA_Init	16	static
../Core/Src/main.c:510:13:MX_GPIO_Init	48	static
../Core/Src/main.c:550:6:Error_Handler	4	static,ignoring_inline_asm
